<?xml version="1.0" encoding="UTF-8"?>
<testsuites>
  <testsuite name="" tests="17" assertions="128" errors="0" warnings="0" failures="0" skipped="0" time="0.037219">
    <testsuite name="Unit Tests" tests="17" assertions="128" errors="0" warnings="0" failures="0" skipped="0" time="0.037219">
      <testsuite name="GlobalPayments\Examples\Tests\TransactionReporterIntegrationTest" file="/home/radoslavsheytanov/Documents/PHP Project/card-authentication/tests/TransactionReporterIntegrationTest.php" tests="5" assertions="64" errors="0" warnings="0" failures="0" skipped="0" time="0.027556">
        <testcase name="testRecordAndRetrieveLocalTransactions" class="GlobalPayments\Examples\Tests\TransactionReporterIntegrationTest" classname="GlobalPayments.Examples.Tests.TransactionReporterIntegrationTest" file="/home/radoslavsheytanov/Documents/PHP Project/card-authentication/tests/TransactionReporterIntegrationTest.php" line="40" assertions="16" time="0.007491"/>
        <testcase name="testDateRangeFiltering" class="GlobalPayments\Examples\Tests\TransactionReporterIntegrationTest" classname="GlobalPayments.Examples.Tests.TransactionReporterIntegrationTest" file="/home/radoslavsheytanov/Documents/PHP Project/card-authentication/tests/TransactionReporterIntegrationTest.php" line="147" assertions="9" time="0.003079"/>
        <testcase name="testTransactionLimitHandling" class="GlobalPayments\Examples\Tests\TransactionReporterIntegrationTest" classname="GlobalPayments.Examples.Tests.TransactionReporterIntegrationTest" file="/home/radoslavsheytanov/Documents/PHP Project/card-authentication/tests/TransactionReporterIntegrationTest.php" line="209" assertions="9" time="0.012754"/>
        <testcase name="testTransactionDataIntegrity" class="GlobalPayments\Examples\Tests\TransactionReporterIntegrationTest" classname="GlobalPayments.Examples.Tests.TransactionReporterIntegrationTest" file="/home/radoslavsheytanov/Documents/PHP Project/card-authentication/tests/TransactionReporterIntegrationTest.php" line="257" assertions="17" time="0.002286"/>
        <testcase name="testDefaultValueHandling" class="GlobalPayments\Examples\Tests\TransactionReporterIntegrationTest" classname="GlobalPayments.Examples.Tests.TransactionReporterIntegrationTest" file="/home/radoslavsheytanov/Documents/PHP Project/card-authentication/tests/TransactionReporterIntegrationTest.php" line="323" assertions="13" time="0.001946"/>
      </testsuite>
      <testsuite name="GlobalPayments\Examples\Tests\TransactionReporterTest" file="/home/radoslavsheytanov/Documents/PHP Project/card-authentication/tests/TransactionReporterTest.php" tests="12" assertions="64" errors="0" warnings="0" failures="0" skipped="0" time="0.009664">
        <testcase name="testFormatTransactionForDashboard" class="GlobalPayments\Examples\Tests\TransactionReporterTest" classname="GlobalPayments.Examples.Tests.TransactionReporterTest" file="/home/radoslavsheytanov/Documents/PHP Project/card-authentication/tests/TransactionReporterTest.php" line="93" assertions="18" time="0.000523"/>
        <testcase name="testFormatTransactionWithVerificationAmount" class="GlobalPayments\Examples\Tests\TransactionReporterTest" classname="GlobalPayments.Examples.Tests.TransactionReporterTest" file="/home/radoslavsheytanov/Documents/PHP Project/card-authentication/tests/TransactionReporterTest.php" line="125" assertions="2" time="0.000173"/>
        <testcase name="testGetTransactionType" class="GlobalPayments\Examples\Tests\TransactionReporterTest" classname="GlobalPayments.Examples.Tests.TransactionReporterTest" file="/home/radoslavsheytanov/Documents/PHP Project/card-authentication/tests/TransactionReporterTest.php" line="138" assertions="6" time="0.000126"/>
        <testcase name="testGetResponseCode" class="GlobalPayments\Examples\Tests\TransactionReporterTest" classname="GlobalPayments.Examples.Tests.TransactionReporterTest" file="/home/radoslavsheytanov/Documents/PHP Project/card-authentication/tests/TransactionReporterTest.php" line="178" assertions="5" time="0.000121"/>
        <testcase name="testGetResponseMessage" class="GlobalPayments\Examples\Tests\TransactionReporterTest" classname="GlobalPayments.Examples.Tests.TransactionReporterTest" file="/home/radoslavsheytanov/Documents/PHP Project/card-authentication/tests/TransactionReporterTest.php" line="223" assertions="4" time="0.000099"/>
        <testcase name="testGetTransactionStatus" class="GlobalPayments\Examples\Tests\TransactionReporterTest" classname="GlobalPayments.Examples.Tests.TransactionReporterTest" file="/home/radoslavsheytanov/Documents/PHP Project/card-authentication/tests/TransactionReporterTest.php" line="256" assertions="7" time="0.000162"/>
        <testcase name="testValidateTransactionAuthenticity" class="GlobalPayments\Examples\Tests\TransactionReporterTest" classname="GlobalPayments.Examples.Tests.TransactionReporterTest" file="/home/radoslavsheytanov/Documents/PHP Project/card-authentication/tests/TransactionReporterTest.php" line="306" assertions="6" time="0.000389"/>
        <testcase name="testRecordTransaction" class="GlobalPayments\Examples\Tests\TransactionReporterTest" classname="GlobalPayments.Examples.Tests.TransactionReporterTest" file="/home/radoslavsheytanov/Documents/PHP Project/card-authentication/tests/TransactionReporterTest.php" line="342" assertions="0" time="0.000897"/>
        <testcase name="testGetLocalTransactions" class="GlobalPayments\Examples\Tests\TransactionReporterTest" classname="GlobalPayments.Examples.Tests.TransactionReporterTest" file="/home/radoslavsheytanov/Documents/PHP Project/card-authentication/tests/TransactionReporterTest.php" line="365" assertions="6" time="0.001883"/>
        <testcase name="testGetLocalTransactionsWithDateFilter" class="GlobalPayments\Examples\Tests\TransactionReporterTest" classname="GlobalPayments.Examples.Tests.TransactionReporterTest" file="/home/radoslavsheytanov/Documents/PHP Project/card-authentication/tests/TransactionReporterTest.php" line="400" assertions="3" time="0.004581"/>
        <testcase name="testTimestampHandling" class="GlobalPayments\Examples\Tests\TransactionReporterTest" classname="GlobalPayments.Examples.Tests.TransactionReporterTest" file="/home/radoslavsheytanov/Documents/PHP Project/card-authentication/tests/TransactionReporterTest.php" line="445" assertions="4" time="0.000355"/>
        <testcase name="testCardDataHandling" class="GlobalPayments\Examples\Tests\TransactionReporterTest" classname="GlobalPayments.Examples.Tests.TransactionReporterTest" file="/home/radoslavsheytanov/Documents/PHP Project/card-authentication/tests/TransactionReporterTest.php" line="484" assertions="3" time="0.000354"/>
      </testsuite>
    </testsuite>
  </testsuite>
</testsuites>
